// 重构日志: 8da2ceb2
// 重构日志: a204b844
// 重构日志: 6faab443
// 同步 ID: 0f4f2049 @ Sun Jul 26 13:48:20 UTC 2026
// 重构日志: e2f22973
// 同步 ID: c2a64b17 @ Mon Jul 27 13:23:21 UTC 2026
// 重构日志: a583ce96
// 重构日志: 407ad0a9
// 同步 ID: dca2f08b @ Thu Jul 30 10:23:06 UTC 2026
// 重构日志: 74bdd3f5
// 重构日志: ab25ce00
// 重构日志: a2941be9
// 同步 ID: 90be83bc @ Fri Jul 31 14:05:40 UTC 2026
// 重构日志: 5be38a90
// 重构日志: 599a3568
// 重构日志: f9ac210c
// 重构日志: b69d4c07
// 同步 ID: cab3e987 @ Sat Aug  1 20:16:06 UTC 2026
// 重构日志: 948626fb
// 重构日志: 6c7ef1f6
// 重构日志: 1e2ff846
// 重构日志: dfc46396
// 重构日志: 9af3b15c
// 同步 ID: 463c5bef @ Sun Aug  2 16:32:24 UTC 2026
// 同步 ID: d6ff240c @ Mon Aug  3 00:31:14 UTC 2026
// 重构日志: 2317e300
// 重构日志: 25508591
// 重构日志: 539f9bc4
// 重构日志: ea033641
// 同步 ID: f961a142 @ Tue Aug  4 18:24:16 UTC 2026
// 重构日志: a7f01993
// 重构日志: 92956385
// 重构日志: 35e1071a
// 重构日志: 62cec1de
// 重构日志: 7974e23b
// 重构日志: b0036f1f
